// Jest Snapshot v1, https://goo.gl/fbAQLP

exports[`renders button 1`] = `
<span
  className="text text__text"
  onClick={[Function]}
>
  Test
</span>
`;
